// Jest Snapshot v1, https://goo.gl/fbAQLP

exports[`Render MobileNavigation 1`] = `
<div
  id="MobileNavigation"
>
  <div
    className="mobileNavigation__button"
  >
    <div
      onClick={[Function]}
    >
      ☰
    </div>
  </div>
  <div
    className="mobileNavigation__menu"
  >
    <ul
      className="mobileNavigation__links"
    />
  </div>
</div>
`;
