// Jest Snapshot v1, https://goo.gl/fbAQLP

exports[`Render MobileNavigation 1`] = `
<div
  className=""
  id="MobileNavigation"
>
  <div
    className="mobileNavigation__button"
  >
    <div
      onClick={[Function]}
    >
      ☰
    </div>
  </div>
  <div
    className="mobileNavigation__menu"
  >
    <ul
      className="mobileNavigation__links"
    >
      <li>
        <a
          href="#About"
          onClick={[Function]}
        >
          About
        </a>
      </li>
    </ul>
  </div>
</div>
`;
