// Jest Snapshot v1, https://goo.gl/fbAQLP

exports[`Render Landing 1`] = `
<section
  className="landing"
  id="Landing"
>
  <div
    className="landing__background"
  >
    <div
      className="one"
    >
      <div
        className="texture"
      >
        <div />
      </div>
    </div>
    <div
      className="two"
    >
      <div
        className="texture"
      >
        <div />
      </div>
    </div>
    <div
      className="three"
    />
    <div
      className="four"
    />
  </div>
  <header
    className="landing__tagline"
  >
    <h2
      className="left"
    >
      Robby
    </h2>
    <h2
      className="right"
    >
      Bergers
    </h2>
    <p
      className="left"
    >
      Designer
    </p>
    <p
      className="right"
    >
      Developer
    </p>
  </header>
  <nav
    className="landing__contact"
  >
    <a
      className="landing__github"
      href="https://www.github.com/robbyb97"
    >
      <div />
    </a>
    <a
      className="landing__linkedin"
      href="https://www.linkedin.com/in/robbyb97/"
    >
      <div />
    </a>
    <a
      className="landing__upwork"
      href="https://www.upwork.com/o/profiles/users/~01f696e65011a54866/"
    >
      <div />
    </a>
    <a
      className="landing__twitter"
      href="https://twitter.com/RobbyBergers"
    >
      <div />
    </a>
  </nav>
  <nav
    className="landing__menu"
  >
    <a
      className="landing__view"
      href="#About"
    >
      See my work
    </a>
    <a
      className="landing__resume"
      href="https://bergers.dev/resume.pdf"
      rel="noopener"
      target="_blank"
    >
      View my resume
    </a>
    <a
      className="landing__email"
      onClick={[Function]}
    >
      Get in touch
    </a>
  </nav>
  <div
    className="landing__emailModal"
    data-active={false}
  >
    <p>
      Email me @ 
      <a
        href="mailto:bergersr97@gmail.com"
      >
        bergersr97@gmail.com
      </a>
    </p>
  </div>
</section>
`;
