// Jest Snapshot v1, https://goo.gl/fbAQLP

exports[`Render Landing 1`] = `
<section
  className="landing"
  id="Landing"
>
  <div
    className="landing__background"
  >
    <div
      className="one"
    >
      <div
        className="texture"
      >
        <div />
      </div>
    </div>
    <div
      className="two"
    >
      <div
        className="texture"
      >
        <div />
      </div>
    </div>
    <div
      className="three"
    />
    <div
      className="four"
    >
      <t
        className="landing__particles"
        height="100vh"
        params={
          Object {
            "particles": Object {
              "color": Object {
                "value": "#f8f8f8",
              },
              "line_linked": Object {
                "color": "#f8f8f8",
                "distance": 200,
                "enable": true,
                "opacity": 0.5,
                "width": 1,
              },
              "number": Object {
                "density": Object {
                  "enable": true,
                  "value_area": 700,
                },
                "value": 110,
              },
            },
          }
        }
        style={Object {}}
        width="100vw"
      />
    </div>
    <div
      className="five"
    />
  </div>
  <div
    className="landing__tagline"
  >
    <h2
      className="left"
    >
      Robby
    </h2>
    <h2
      className="right"
    >
      Bergers
    </h2>
    <p
      className="left"
    >
      Designer
    </p>
    <p
      className="right"
    >
      Developer
    </p>
  </div>
  <div
    className="landing__menu"
  >
    <a
      className="landing__view"
      href="#About"
    >
      View my work
    </a>
    <a
      className="landing__email"
      onClick={[Function]}
    >
      Get in touch
    </a>
  </div>
  <div
    className="landing__emailModal"
  >
    <p>
      Email me @ 
      <a
        href="mailto:bergersr97@gmail.com"
      >
        bergersr97@gmail.com
      </a>
    </p>
  </div>
  <div
    className="landing__contact"
  >
    <a
      className="landing__github"
      href="https://www.github.com/robbyb97"
    >
      <div />
    </a>
    <a
      className="landing__linkedin"
      href="https://www.linkedin.com/in/robbyb97/"
    >
      <div />
    </a>
    <a
      className="landing__upwork"
      href="https://www.upwork.com/o/profiles/users/~01f696e65011a54866/"
    >
      <div />
    </a>
    <a
      className="landing__twitter"
      href="https://twitter.com/RobbyBergers"
    >
      <div />
    </a>
  </div>
</section>
`;
