// Jest Snapshot v1, https://goo.gl/fbAQLP

exports[`Render Skills 1`] = `
<section
  className="skills"
  id="Skills"
>
  <header
    className="skills__header"
  >
    <h2>
      My skillset
    </h2>
  </header>
  <SkillSection
    skills={
      Array [
        "HTML5",
        "CSS3",
        "JS (ES6)",
        "React (Router, Redux)",
        "SASS",
      ]
    }
    title="Front end"
  />
  <SkillSection
    skills={
      Array [
        "Git",
        "NPM",
        "Gulp",
        "Webpack",
        "Jest",
        "Firebase",
        "Heroku",
      ]
    }
    title="Workflow"
  />
  <SkillSection
    skills={
      Array [
        "Node.js",
        "Bash",
        "Linux/Ubuntu server",
        "MongoDB",
        "Oracle SQL",
      ]
    }
    title="Back end"
  />
</section>
`;
