// Jest Snapshot v1, https://goo.gl/fbAQLP

exports[`Render Skills 1`] = `
<section
  className="skills"
  id="Skills"
>
  <header
    className="skills__header"
  >
    <h2>
      My skillset
    </h2>
  </header>
  <section
    className="skills__content"
  >
    <SkillSection
      key="Front end"
      skills={
        Array [
          "React",
          "SASS",
          "HTML5",
          "CSS3",
          "JS (ES6)",
        ]
      }
      title="Front end"
    />
    <SkillSection
      key="Workflow"
      skills={
        Array [
          "Git",
          "NPM",
          "Gulp",
          "Webpack",
          "Jest",
          "Firebase",
          "Heroku",
        ]
      }
      title="Workflow"
    />
    <SkillSection
      key="Back end"
      skills={
        Array [
          "Node.js",
          "BASH",
          "Linux/Ubuntu server",
          "MongoDB",
          "Oracle SQL",
        ]
      }
      title="Back end"
    />
  </section>
</section>
`;
