// Jest Snapshot v1, https://goo.gl/fbAQLP

exports[`Render inactive Job with no props 1`] = `
<div
  className="job"
  onMouseEnter={[Function]}
  onMouseLeave={[Function]}
>
  <div
    className="job__inactive"
  >
    <div
      className="job__logo"
    />
    <div
      className="job__name"
    >
      <p />
    </div>
  </div>
</div>
`;
