// Jest Snapshot v1, https://goo.gl/fbAQLP

exports[`Render JobCard with no props 1`] = `
<div
  className="jobcard"
/>
`;

exports[`Render JobCard with props 1`] = `
<div
  className="jobcard"
>
  <h2
    className="jobcard__title"
  >
    Title!
  </h2>
  <p
    className="jobcard__text"
  >
    Text!
  </p>
  <div
    className="jobcard__image"
  >
    <img
      src="Image!"
    />
  </div>
</div>
`;
