// Jest Snapshot v1, https://goo.gl/fbAQLP

exports[`Render Experience page 1`] = `
<div
  id="experience"
>
  Experience component
  <Job
    image="/dist/images/icons/finalsite.png"
    text="Job"
    title="Finalsite"
  />
  <PrevPage
    float={true}
    route="/skills/"
    text="Skills"
  />
  <NextPage
    float={true}
    route="/projects/"
    text="Projects"
  />
</div>
`;
