// Jest Snapshot v1, https://goo.gl/fbAQLP

exports[`Render Projects page 1`] = `
<div
  id="projects"
>
  <Project
    description="yt-iframe is an HTML file generator written in Python. All you need to do is add a link to a youtube channel and an HTML file will be generated that cleanly displays all the youtube videos of a channel."
    languages="Python"
    link="https://pypi.org/project/yt-iframe/"
    linkText="View on PyPI!"
    name="yt-iframe"
  />
  <Project
    description="This website is a React/Node project originally hosted on my home server, but recently migrated to Heroku. (They should really add warning labels to servers about electricity bills)"
    languages="React, Node"
    link="https://github.com/RobbyB97/home-server"
    name="This website!"
  />
  <Project
    description="This repository hosts the codebase for personal \\"dummy\\" projects I create while learning the basics of different web technologies."
    languages="React (Router, Redux, Native), Node, Django, Electron"
    link="https://github.com/RobbyB97/web-dev-bootcamp"
    name="Web dev bootcamp"
  />
  <PrevPage
    float={true}
    route="/experience/"
  />
  <NextPage
    float={true}
    route="/resume/"
  />
</div>
`;
