// Jest Snapshot v1, https://goo.gl/fbAQLP

exports[`Render WildCard 1`] = `
<div
  id="wildcard"
>
  <div
    className="wildcard__backdrop"
  />
  <div
    className="wildcard__content"
  >
    <div
      className="wildcard__image"
    >
      <img
        src="/dist/images/wildcard.png"
      />
    </div>
    <div
      className="wildcard__text"
    >
      Uh oh, looks like this page doesn't exist.
    </div>
    <div
      className="wildcard__home-button"
    >
      <NavLink
        activeClassName="active"
        ariaCurrent="true"
        to="/"
      >
        <button>
          Return home
        </button>
      </NavLink>
    </div>
  </div>
</div>
`;
