// Jest Snapshot v1, https://goo.gl/fbAQLP

exports[`Render DesktopNavigation 1`] = `
<div
  id="desktop-navigation"
>
  <ul>
    <li>
      <NavLink
        activeClassName="active"
        ariaCurrent="true"
        exact={true}
        to="/"
      >
        Home
      </NavLink>
    </li>
    <li>
      <NavLink
        activeClassName="active"
        ariaCurrent="true"
        to="/skills/"
      >
        Skills
      </NavLink>
    </li>
    <li>
      <NavLink
        activeClassName="active"
        ariaCurrent="true"
        to="/experience/"
      >
        Experience
      </NavLink>
    </li>
    <li>
      <NavLink
        activeClassName="active"
        ariaCurrent="true"
        to="/projects/"
      >
        Projects
      </NavLink>
    </li>
    <li>
      <a
        href="mailto:bergersr@my.easternct.edu"
      >
        Contact
      </a>
    </li>
    <li
      className="desktop-navigation__link github"
    >
      <a
        href="https://www.github.com/RobbyB97"
        target="_blank"
      >
        <div />
      </a>
    </li>
    <li
      className="desktop-navigation__link linkedin"
    >
      <a
        href="https://www.linkedin.com/in/robbyb97"
        target="_blank"
      >
        <div />
      </a>
    </li>
  </ul>
</div>
`;
