// Jest Snapshot v1, https://goo.gl/fbAQLP

exports[`Render MobileNavigation 1`] = `
<div
  className=""
  id="mobile-navigation"
>
  <div
    className="mobile-navigation__background"
  >
    <ul
      className="mobile-navigation__intra-nav"
    >
      <li>
        <NavLink
          activeClassName="active"
          ariaCurrent="true"
          onClick={[Function]}
          to="/"
        >
          Home
        </NavLink>
      </li>
      <li>
        <NavLink
          activeClassName="active"
          ariaCurrent="true"
          onClick={[Function]}
          to="/skills/"
        >
          Skills
        </NavLink>
      </li>
      <li>
        <NavLink
          activeClassName="active"
          ariaCurrent="true"
          onClick={[Function]}
          to="/experience/"
        >
          Experience
        </NavLink>
      </li>
      <li>
        <NavLink
          activeClassName="active"
          ariaCurrent="true"
          onClick={[Function]}
          to="/projects/"
        >
          Projects
        </NavLink>
      </li>
      <li>
        <NavLink
          activeClassName="active"
          ariaCurrent="true"
          onClick={[Function]}
          to="/resume"
        >
          Resume
        </NavLink>
      </li>
      <li>
        <a
          href="mailto:bergersr@my.easternct.edu"
        >
          Contact
        </a>
      </li>
    </ul>
  </div>
</div>
`;
