// Jest Snapshot v1, https://goo.gl/fbAQLP

exports[`Render Portfolio 1`] = `
<div
  className=""
  id="Portfolio"
>
  <Connect(HomeButton)
    internal={true}
  />
  <Connect(DesktopNavigation) />
  <Connect(MobileNavigation) />
  <FixedModal />
  <Landing />
  <About />
  <Experience />
  <Projects />
  <Contact />
</div>
`;
