// Jest Snapshot v1, https://goo.gl/fbAQLP

exports[`Render Portfolio 1`] = `
<div
  className=""
  id="Portfolio"
>
  <Connect(HomeButton)
    internal={true}
  />
  <Connect(DesktopNavigation) />
  <Connect(MobileNavigation) />
  <FixedModal
    text={
      <p>
        I am offering a significant discount to small businesses during this pandemic. E-mail me @  
        <a
          href="mailto:bergersr97@gmail.com"
        >
          bergersr97@gmail.com
        </a>
      </p>
    }
  />
  <Landing />
  <About />
  <Experience />
  <Projects />
  <Contact />
</div>
`;
