// Jest Snapshot v1, https://goo.gl/fbAQLP

exports[`Render Portfolio 1`] = `
<div
  data-loaded={false}
  id="Portfolio"
>
  <Header />
  <FixedModal
    text={
      <p>
        I am offering a significant discount to small businesses during this pandemic. E-mail me @  
        <a
          href="mailto:bergersr97@gmail.com"
        >
          bergersr97@gmail.com
        </a>
      </p>
    }
  />
  <Landing />
  <About />
  <Skills />
  <Projects />
  <Experience />
  <Footer />
</div>
`;
