// Jest Snapshot v1, https://goo.gl/fbAQLP

exports[`Render About 1`] = `
<section
  className="about"
  id="About"
>
  <div
    className="about__shape one"
  />
  <div
    className="about__shape two"
  />
  <div
    className="about__content"
  >
    <article
      className="about__bio"
    >
      <p>
        Hi, my name's Robby. 
        <span
          className="about__bioTitle"
        >
          I'm a full-stack web developer and freelance digital artist.
        </span>
        <br />
        <br />
        I put my interdisciplinary skillset to good use by designing websites that are as beautiful as they are functional.
        <br />
        <br />
        <img
          className="about__portrait"
          src="/dist/images/4klanding_001phone.png"
        />
      </p>
    </article>
  </div>
</section>
`;
