// Jest Snapshot v1, https://goo.gl/fbAQLP

exports[`Render About 1`] = `
<div
  className="about"
  id="about"
>
  <div
    className="about__shape one"
  />
  <div
    className="about__shape two"
  />
  <div
    className="about__content"
  >
    <div
      className="about__bio"
    >
      <p>
        Hi, my name's Robby. I'm a full-stack web developer and digital artist. I love clean, responsive and intuitive interfaces, and so do your clients.
      </p>
    </div>
  </div>
</div>
`;
