// Jest Snapshot v1, https://goo.gl/fbAQLP

exports[`Render ContactForm 1`] = `
<div
  className="ContactForm"
>
  <br />
  <br />
  <br />
  <br />
  <br />
  <form
    id="contactForm"
  >
    <p>
      <label>
        Name
      </label>
      <input
        onChange={[Function]}
        required={true}
        type="text"
        value=""
      />
    </p>
  </form>
</div>
`;
