// Jest Snapshot v1, https://goo.gl/fbAQLP

exports[`Render FixedModal 1`] = `
<aside
  className="fixedModal"
>
  <article
    className="fixedModal__modal"
    data-active={false}
  >
    <button
      className="fixedModal__close"
      data-active={false}
      onClick={[Function]}
    >
      ×
    </button>
  </article>
</aside>
`;
