// Jest Snapshot v1, https://goo.gl/fbAQLP

exports[`Render Landing 1`] = `
<div
  className="landing"
>
  <div
    className="landing__background"
  />
  <div
    className="landing__tagline"
  >
    <h2>
      Robby Bergers
    </h2>
    <p
      className="one"
    >
      Designer
    </p>
    <p
      className="two"
    >
      Developer
    </p>
  </div>
  <t
    className="landing__particles"
    height="100vh"
    params={
      Object {
        "particles": Object {
          "color": Object {
            "value": "#000",
          },
          "line_linked": Object {
            "color": "#808080",
            "distance": 60,
            "enable": true,
            "opacity": 0.5,
            "width": 1,
          },
          "number": Object {
            "density": Object {
              "enable": true,
              "value_area": 700,
            },
            "value": 150,
          },
        },
      }
    }
    style={Object {}}
    width="100vw"
  />
  <div
    className="landing__shape"
  />
  <div
    className="landing__shapte"
  />
  <div
    className="landing__shape"
  />
  <div
    className="landing__shape"
  />
  <div
    className="landing__shape"
  />
  <div
    className="landing__bottom"
  />
</div>
`;
